
===========================================================================
report_parasitic_annotation -report_unannotated
============================================================================
Found 477 unannotated drivers.
 analog_io[0]
 analog_io[10]
 analog_io[11]
 analog_io[12]
 analog_io[13]
 analog_io[14]
 analog_io[15]
 analog_io[16]
 analog_io[17]
 analog_io[18]
 analog_io[19]
 analog_io[1]
 analog_io[20]
 analog_io[21]
 analog_io[22]
 analog_io[23]
 analog_io[24]
 analog_io[25]
 analog_io[26]
 analog_io[27]
 analog_io[28]
 analog_io[29]
 analog_io[2]
 analog_io[30]
 analog_io[31]
 analog_io[32]
 analog_io[33]
 analog_io[34]
 analog_io[35]
 analog_io[36]
 analog_io[37]
 analog_io[38]
 analog_io[39]
 analog_io[3]
 analog_io[40]
 analog_io[41]
 analog_io[42]
 analog_io[43]
 analog_io[4]
 analog_io[5]
 analog_io[6]
 analog_io[7]
 analog_io[8]
 analog_io[9]
 analog_noesd_io[0]
 analog_noesd_io[10]
 analog_noesd_io[11]
 analog_noesd_io[12]
 analog_noesd_io[13]
 analog_noesd_io[14]
 analog_noesd_io[15]
 analog_noesd_io[16]
 analog_noesd_io[17]
 analog_noesd_io[18]
 analog_noesd_io[19]
 analog_noesd_io[1]
 analog_noesd_io[20]
 analog_noesd_io[21]
 analog_noesd_io[22]
 analog_noesd_io[23]
 analog_noesd_io[24]
 analog_noesd_io[25]
 analog_noesd_io[26]
 analog_noesd_io[27]
 analog_noesd_io[28]
 analog_noesd_io[29]
 analog_noesd_io[2]
 analog_noesd_io[30]
 analog_noesd_io[31]
 analog_noesd_io[32]
 analog_noesd_io[33]
 analog_noesd_io[34]
 analog_noesd_io[35]
 analog_noesd_io[36]
 analog_noesd_io[37]
 analog_noesd_io[38]
 analog_noesd_io[39]
 analog_noesd_io[3]
 analog_noesd_io[40]
 analog_noesd_io[41]
 analog_noesd_io[42]
 analog_noesd_io[43]
 analog_noesd_io[4]
 analog_noesd_io[5]
 analog_noesd_io[6]
 analog_noesd_io[7]
 analog_noesd_io[8]
 analog_noesd_io[9]
 gpio_in[0]
 gpio_in[10]
 gpio_in[11]
 gpio_in[12]
 gpio_in[13]
 gpio_in[14]
 gpio_in[15]
 gpio_in[16]
 gpio_in[17]
 gpio_in[18]
 gpio_in[19]
 gpio_in[1]
 gpio_in[20]
 gpio_in[21]
 gpio_in[22]
 gpio_in[23]
 gpio_in[24]
 gpio_in[25]
 gpio_in[26]
 gpio_in[27]
 gpio_in[28]
 gpio_in[29]
 gpio_in[2]
 gpio_in[30]
 gpio_in[31]
 gpio_in[32]
 gpio_in[33]
 gpio_in[34]
 gpio_in[35]
 gpio_in[36]
 gpio_in[37]
 gpio_in[38]
 gpio_in[39]
 gpio_in[3]
 gpio_in[40]
 gpio_in[41]
 gpio_in[42]
 gpio_in[43]
 gpio_in[4]
 gpio_in[5]
 gpio_in[6]
 gpio_in[7]
 gpio_in[8]
 gpio_in[9]
 gpio_in_h[0]
 gpio_in_h[10]
 gpio_in_h[11]
 gpio_in_h[12]
 gpio_in_h[13]
 gpio_in_h[14]
 gpio_in_h[15]
 gpio_in_h[16]
 gpio_in_h[17]
 gpio_in_h[18]
 gpio_in_h[19]
 gpio_in_h[1]
 gpio_in_h[20]
 gpio_in_h[21]
 gpio_in_h[22]
 gpio_in_h[23]
 gpio_in_h[24]
 gpio_in_h[25]
 gpio_in_h[26]
 gpio_in_h[27]
 gpio_in_h[28]
 gpio_in_h[29]
 gpio_in_h[2]
 gpio_in_h[30]
 gpio_in_h[31]
 gpio_in_h[32]
 gpio_in_h[33]
 gpio_in_h[34]
 gpio_in_h[35]
 gpio_in_h[36]
 gpio_in_h[37]
 gpio_in_h[38]
 gpio_in_h[39]
 gpio_in_h[3]
 gpio_in_h[40]
 gpio_in_h[41]
 gpio_in_h[42]
 gpio_in_h[43]
 gpio_in_h[4]
 gpio_in_h[5]
 gpio_in_h[6]
 gpio_in_h[7]
 gpio_in_h[8]
 gpio_in_h[9]
 gpio_loopback_one[0]
 gpio_loopback_one[10]
 gpio_loopback_one[11]
 gpio_loopback_one[12]
 gpio_loopback_one[13]
 gpio_loopback_one[14]
 gpio_loopback_one[15]
 gpio_loopback_one[16]
 gpio_loopback_one[17]
 gpio_loopback_one[18]
 gpio_loopback_one[19]
 gpio_loopback_one[1]
 gpio_loopback_one[20]
 gpio_loopback_one[21]
 gpio_loopback_one[22]
 gpio_loopback_one[23]
 gpio_loopback_one[24]
 gpio_loopback_one[25]
 gpio_loopback_one[26]
 gpio_loopback_one[27]
 gpio_loopback_one[28]
 gpio_loopback_one[29]
 gpio_loopback_one[2]
 gpio_loopback_one[30]
 gpio_loopback_one[31]
 gpio_loopback_one[32]
 gpio_loopback_one[33]
 gpio_loopback_one[34]
 gpio_loopback_one[35]
 gpio_loopback_one[36]
 gpio_loopback_one[37]
 gpio_loopback_one[38]
 gpio_loopback_one[39]
 gpio_loopback_one[3]
 gpio_loopback_one[40]
 gpio_loopback_one[41]
 gpio_loopback_one[42]
 gpio_loopback_one[43]
 gpio_loopback_one[4]
 gpio_loopback_one[5]
 gpio_loopback_one[6]
 gpio_loopback_one[7]
 gpio_loopback_one[8]
 gpio_loopback_one[9]
 gpio_loopback_zero[0]
 gpio_loopback_zero[10]
 gpio_loopback_zero[11]
 gpio_loopback_zero[12]
 gpio_loopback_zero[13]
 gpio_loopback_zero[14]
 gpio_loopback_zero[15]
 gpio_loopback_zero[16]
 gpio_loopback_zero[17]
 gpio_loopback_zero[18]
 gpio_loopback_zero[19]
 gpio_loopback_zero[1]
 gpio_loopback_zero[20]
 gpio_loopback_zero[21]
 gpio_loopback_zero[22]
 gpio_loopback_zero[23]
 gpio_loopback_zero[24]
 gpio_loopback_zero[25]
 gpio_loopback_zero[26]
 gpio_loopback_zero[27]
 gpio_loopback_zero[28]
 gpio_loopback_zero[29]
 gpio_loopback_zero[2]
 gpio_loopback_zero[30]
 gpio_loopback_zero[31]
 gpio_loopback_zero[32]
 gpio_loopback_zero[33]
 gpio_loopback_zero[34]
 gpio_loopback_zero[35]
 gpio_loopback_zero[36]
 gpio_loopback_zero[37]
 gpio_loopback_zero[38]
 gpio_loopback_zero[39]
 gpio_loopback_zero[3]
 gpio_loopback_zero[40]
 gpio_loopback_zero[41]
 gpio_loopback_zero[42]
 gpio_loopback_zero[43]
 gpio_loopback_zero[4]
 gpio_loopback_zero[5]
 gpio_loopback_zero[6]
 gpio_loopback_zero[7]
 gpio_loopback_zero[8]
 gpio_loopback_zero[9]
 mask_rev[0]
 mask_rev[10]
 mask_rev[11]
 mask_rev[12]
 mask_rev[13]
 mask_rev[14]
 mask_rev[15]
 mask_rev[16]
 mask_rev[17]
 mask_rev[18]
 mask_rev[19]
 mask_rev[1]
 mask_rev[20]
 mask_rev[21]
 mask_rev[22]
 mask_rev[23]
 mask_rev[24]
 mask_rev[25]
 mask_rev[26]
 mask_rev[27]
 mask_rev[28]
 mask_rev[29]
 mask_rev[2]
 mask_rev[30]
 mask_rev[31]
 mask_rev[3]
 mask_rev[4]
 mask_rev[5]
 mask_rev[6]
 mask_rev[7]
 mask_rev[8]
 mask_rev[9]
 por_l
 porb_h
 porb_l
 resetb_h
 resetb_l
 _000_/X
 _001_/X
 _002_/X
 _003_/X
 _004_/X
 _005_/X
 _006_/X
 _007_/X
 _008_/X
 _009_/X
 _010_/X
 _011_/X
 _012_/X
 _013_/X
 _014_/X
 _015_/X
 _016_/X
 _017_/X
 _018_/X
 _019_/X
 _020_/X
 _021_/X
 _022_/X
 _023_/X
 _024_/X
 _025_/X
 _026_/X
 _027_/X
 _028_/X
 _029_/X
 _030_/X
 _031_/X
 _032_/X
 _033_/X
 _034_/X
 _035_/X
 _036_/X
 _037_/X
 _038_/X
 _039_/X
 _040_/X
 _041_/X
 _042_/X
 _043_/X
 _044_/X
 _045_/X
 _046_/X
 _047_/X
 _048_/X
 _049_/X
 _050_/X
 _051_/X
 _052_/X
 _053_/X
 _054_/X
 _055_/X
 _056_/X
 _057_/X
 _058_/X
 _059_/X
 _060_/X
 _061_/X
 _062_/X
 _063_/X
 _064_/X
 _065_/X
 _066_/X
 _067_/X
 _068_/X
 _069_/X
 _070_/X
 _071_/X
 _072_/X
 _073_/X
 _074_/X
 _075_/X
 _076_/X
 _077_/X
 _078_/X
 _079_/X
 _080_/X
 _081_/X
 _082_/X
 _083_/X
 _084_/X
 _085_/X
 _086_/X
 _087_/X
 _088_/X
 _089_/X
 _090_/X
 _091_/X
 _092_/X
 _093_/X
 _094_/X
 _095_/X
 _096_/X
 _097_/X
 _098_/X
 _099_/X
 _100_/X
 _101_/X
 _102_/X
 _103_/X
 _104_/X
 _105_/X
 _106_/X
 _107_/X
 _108_/X
 _109_/X
 _110_/X
 _111_/X
 _112_/X
 _113_/X
 _114_/X
 _115_/X
 _116_/X
 _117_/X
 _118_/X
 _119_/X
 _120_/X
 _121_/X
 _122_/X
 _123_/X
 _124_/X
 _125_/X
 _126_/X
 _127_/X
 _128_/X
 _129_/X
 _130_/X
 _131_/X
 _132_/X
 _133_/X
 _134_/X
 _135_/X
 _136_/X
 _137_/X
 _138_/X
 _139_/X
 _140_/X
 _141_/X
 _142_/X
 _143_/X
 _144_/X
 _145_/X
 _146_/X
 _147_/X
 _148_/X
 _149_/X
 _150_/X
 _151_/X
 _152_/X
 _153_/X
 _154_/X
 _155_/X
 _156_/X
 _157_/X
 _158_/X
 _159_/X
 _160_/X
 _161_/X
 _162_/X
 _163_/X
 _164_/X
 _165_/X
 _166_/X
 _167_/X
 _168_/X
 _169_/X
 _170_/X
 _171_/X
 _172_/X
 _173_/X
 _174_/X
 _175_/X
Found 0 partially unannotated drivers.
parastic_annotation_check
check_slew

===========================================================================
 report_check_types -max_slew -max_cap -max_fanout -violators
============================================================================
max slew

Pin                                    Limit    Slew   Slack
------------------------------------------------------------
gpio_analog_en[0]                       0.50    4.73   -4.23 (VIOLATED)
gpio_analog_en[10]                      0.50    4.73   -4.23 (VIOLATED)
gpio_analog_en[11]                      0.50    4.73   -4.23 (VIOLATED)
gpio_analog_en[12]                      0.50    4.73   -4.23 (VIOLATED)
gpio_analog_en[13]                      0.50    4.73   -4.23 (VIOLATED)
gpio_analog_en[14]                      0.50    4.73   -4.23 (VIOLATED)
gpio_analog_en[15]                      0.50    4.73   -4.23 (VIOLATED)
gpio_analog_en[16]                      0.50    4.73   -4.23 (VIOLATED)
gpio_analog_en[17]                      0.50    4.73   -4.23 (VIOLATED)
gpio_analog_en[18]                      0.50    4.73   -4.23 (VIOLATED)
gpio_analog_en[19]                      0.50    4.73   -4.23 (VIOLATED)
gpio_analog_en[1]                       0.50    4.73   -4.23 (VIOLATED)
gpio_analog_en[20]                      0.50    4.73   -4.23 (VIOLATED)
gpio_analog_en[21]                      0.50    4.73   -4.23 (VIOLATED)
gpio_analog_en[22]                      0.50    4.73   -4.23 (VIOLATED)
gpio_analog_en[23]                      0.50    4.73   -4.23 (VIOLATED)
gpio_analog_en[24]                      0.50    4.73   -4.23 (VIOLATED)
gpio_analog_en[25]                      0.50    4.73   -4.23 (VIOLATED)
gpio_analog_en[26]                      0.50    4.73   -4.23 (VIOLATED)
gpio_analog_en[27]                      0.50    4.73   -4.23 (VIOLATED)
gpio_analog_en[28]                      0.50    4.73   -4.23 (VIOLATED)
gpio_analog_en[29]                      0.50    4.73   -4.23 (VIOLATED)
gpio_analog_en[2]                       0.50    4.73   -4.23 (VIOLATED)
gpio_analog_en[30]                      0.50    4.73   -4.23 (VIOLATED)
gpio_analog_en[31]                      0.50    4.73   -4.23 (VIOLATED)
gpio_analog_en[32]                      0.50    4.73   -4.23 (VIOLATED)
gpio_analog_en[33]                      0.50    4.73   -4.23 (VIOLATED)
gpio_analog_en[34]                      0.50    4.73   -4.23 (VIOLATED)
gpio_analog_en[35]                      0.50    4.73   -4.23 (VIOLATED)
gpio_analog_en[36]                      0.50    4.73   -4.23 (VIOLATED)
gpio_analog_en[37]                      0.50    4.73   -4.23 (VIOLATED)
gpio_analog_en[38]                      0.50    4.73   -4.23 (VIOLATED)
gpio_analog_en[39]                      0.50    4.73   -4.23 (VIOLATED)
gpio_analog_en[3]                       0.50    4.73   -4.23 (VIOLATED)
gpio_analog_en[40]                      0.50    4.73   -4.23 (VIOLATED)
gpio_analog_en[41]                      0.50    4.73   -4.23 (VIOLATED)
gpio_analog_en[42]                      0.50    4.73   -4.23 (VIOLATED)
gpio_analog_en[43]                      0.50    4.73   -4.23 (VIOLATED)
gpio_analog_en[4]                       0.50    4.73   -4.23 (VIOLATED)
gpio_analog_en[5]                       0.50    4.73   -4.23 (VIOLATED)
gpio_analog_en[6]                       0.50    4.73   -4.23 (VIOLATED)
gpio_analog_en[7]                       0.50    4.73   -4.23 (VIOLATED)
gpio_analog_en[8]                       0.50    4.73   -4.23 (VIOLATED)
gpio_analog_en[9]                       0.50    4.73   -4.23 (VIOLATED)
gpio_analog_pol[0]                      0.50    4.73   -4.23 (VIOLATED)
gpio_analog_pol[10]                     0.50    4.73   -4.23 (VIOLATED)
gpio_analog_pol[11]                     0.50    4.73   -4.23 (VIOLATED)
gpio_analog_pol[12]                     0.50    4.73   -4.23 (VIOLATED)
gpio_analog_pol[13]                     0.50    4.73   -4.23 (VIOLATED)
gpio_analog_pol[14]                     0.50    4.73   -4.23 (VIOLATED)
gpio_analog_pol[15]                     0.50    4.73   -4.23 (VIOLATED)
gpio_analog_pol[16]                     0.50    4.73   -4.23 (VIOLATED)
gpio_analog_pol[17]                     0.50    4.73   -4.23 (VIOLATED)
gpio_analog_pol[18]                     0.50    4.73   -4.23 (VIOLATED)
gpio_analog_pol[19]                     0.50    4.73   -4.23 (VIOLATED)
gpio_analog_pol[1]                      0.50    4.73   -4.23 (VIOLATED)
gpio_analog_pol[20]                     0.50    4.73   -4.23 (VIOLATED)
gpio_analog_pol[21]                     0.50    4.73   -4.23 (VIOLATED)
gpio_analog_pol[22]                     0.50    4.73   -4.23 (VIOLATED)
gpio_analog_pol[23]                     0.50    4.73   -4.23 (VIOLATED)
gpio_analog_pol[24]                     0.50    4.73   -4.23 (VIOLATED)
gpio_analog_pol[25]                     0.50    4.73   -4.23 (VIOLATED)
gpio_analog_pol[26]                     0.50    4.73   -4.23 (VIOLATED)
gpio_analog_pol[27]                     0.50    4.73   -4.23 (VIOLATED)
gpio_analog_pol[28]                     0.50    4.73   -4.23 (VIOLATED)
gpio_analog_pol[29]                     0.50    4.73   -4.23 (VIOLATED)
gpio_analog_pol[2]                      0.50    4.73   -4.23 (VIOLATED)
gpio_analog_pol[30]                     0.50    4.73   -4.23 (VIOLATED)
gpio_analog_pol[31]                     0.50    4.73   -4.23 (VIOLATED)
gpio_analog_pol[32]                     0.50    4.73   -4.23 (VIOLATED)
gpio_analog_pol[33]                     0.50    4.73   -4.23 (VIOLATED)
gpio_analog_pol[34]                     0.50    4.73   -4.23 (VIOLATED)
gpio_analog_pol[35]                     0.50    4.73   -4.23 (VIOLATED)
gpio_analog_pol[36]                     0.50    4.73   -4.23 (VIOLATED)
gpio_analog_pol[37]                     0.50    4.73   -4.23 (VIOLATED)
gpio_analog_pol[38]                     0.50    4.73   -4.23 (VIOLATED)
gpio_analog_pol[39]                     0.50    4.73   -4.23 (VIOLATED)
gpio_analog_pol[3]                      0.50    4.73   -4.23 (VIOLATED)
gpio_analog_pol[40]                     0.50    4.73   -4.23 (VIOLATED)
gpio_analog_pol[41]                     0.50    4.73   -4.23 (VIOLATED)
gpio_analog_pol[42]                     0.50    4.73   -4.23 (VIOLATED)
gpio_analog_pol[43]                     0.50    4.73   -4.23 (VIOLATED)
gpio_analog_pol[4]                      0.50    4.73   -4.23 (VIOLATED)
gpio_analog_pol[5]                      0.50    4.73   -4.23 (VIOLATED)
gpio_analog_pol[6]                      0.50    4.73   -4.23 (VIOLATED)
gpio_analog_pol[7]                      0.50    4.73   -4.23 (VIOLATED)
gpio_analog_pol[8]                      0.50    4.73   -4.23 (VIOLATED)
gpio_analog_pol[9]                      0.50    4.73   -4.23 (VIOLATED)
gpio_analog_sel[0]                      0.50    4.73   -4.23 (VIOLATED)
gpio_analog_sel[10]                     0.50    4.73   -4.23 (VIOLATED)
gpio_analog_sel[11]                     0.50    4.73   -4.23 (VIOLATED)
gpio_analog_sel[12]                     0.50    4.73   -4.23 (VIOLATED)
gpio_analog_sel[13]                     0.50    4.73   -4.23 (VIOLATED)
gpio_analog_sel[14]                     0.50    4.73   -4.23 (VIOLATED)
gpio_analog_sel[15]                     0.50    4.73   -4.23 (VIOLATED)
gpio_analog_sel[16]                     0.50    4.73   -4.23 (VIOLATED)
gpio_analog_sel[17]                     0.50    4.73   -4.23 (VIOLATED)
gpio_analog_sel[18]                     0.50    4.73   -4.23 (VIOLATED)
gpio_analog_sel[19]                     0.50    4.73   -4.23 (VIOLATED)
gpio_analog_sel[1]                      0.50    4.73   -4.23 (VIOLATED)
gpio_analog_sel[20]                     0.50    4.73   -4.23 (VIOLATED)
gpio_analog_sel[21]                     0.50    4.73   -4.23 (VIOLATED)
gpio_analog_sel[22]                     0.50    4.73   -4.23 (VIOLATED)
gpio_analog_sel[23]                     0.50    4.73   -4.23 (VIOLATED)
gpio_analog_sel[24]                     0.50    4.73   -4.23 (VIOLATED)
gpio_analog_sel[25]                     0.50    4.73   -4.23 (VIOLATED)
gpio_analog_sel[26]                     0.50    4.73   -4.23 (VIOLATED)
gpio_analog_sel[27]                     0.50    4.73   -4.23 (VIOLATED)
gpio_analog_sel[28]                     0.50    4.73   -4.23 (VIOLATED)
gpio_analog_sel[29]                     0.50    4.73   -4.23 (VIOLATED)
gpio_analog_sel[2]                      0.50    4.73   -4.23 (VIOLATED)
gpio_analog_sel[30]                     0.50    4.73   -4.23 (VIOLATED)
gpio_analog_sel[31]                     0.50    4.73   -4.23 (VIOLATED)
gpio_analog_sel[32]                     0.50    4.73   -4.23 (VIOLATED)
gpio_analog_sel[33]                     0.50    4.73   -4.23 (VIOLATED)
gpio_analog_sel[34]                     0.50    4.73   -4.23 (VIOLATED)
gpio_analog_sel[35]                     0.50    4.73   -4.23 (VIOLATED)
gpio_analog_sel[36]                     0.50    4.73   -4.23 (VIOLATED)
gpio_analog_sel[37]                     0.50    4.73   -4.23 (VIOLATED)
gpio_analog_sel[38]                     0.50    4.73   -4.23 (VIOLATED)
gpio_analog_sel[39]                     0.50    4.73   -4.23 (VIOLATED)
gpio_analog_sel[3]                      0.50    4.73   -4.23 (VIOLATED)
gpio_analog_sel[40]                     0.50    4.73   -4.23 (VIOLATED)
gpio_analog_sel[41]                     0.50    4.73   -4.23 (VIOLATED)
gpio_analog_sel[42]                     0.50    4.73   -4.23 (VIOLATED)
gpio_analog_sel[43]                     0.50    4.73   -4.23 (VIOLATED)
gpio_analog_sel[4]                      0.50    4.73   -4.23 (VIOLATED)
gpio_analog_sel[5]                      0.50    4.73   -4.23 (VIOLATED)
gpio_analog_sel[6]                      0.50    4.73   -4.23 (VIOLATED)
gpio_analog_sel[7]                      0.50    4.73   -4.23 (VIOLATED)
gpio_analog_sel[8]                      0.50    4.73   -4.23 (VIOLATED)
gpio_analog_sel[9]                      0.50    4.73   -4.23 (VIOLATED)
gpio_holdover[0]                        0.50    4.73   -4.23 (VIOLATED)
gpio_holdover[10]                       0.50    4.73   -4.23 (VIOLATED)
gpio_holdover[11]                       0.50    4.73   -4.23 (VIOLATED)
gpio_holdover[12]                       0.50    4.73   -4.23 (VIOLATED)
gpio_holdover[13]                       0.50    4.73   -4.23 (VIOLATED)
gpio_holdover[14]                       0.50    4.73   -4.23 (VIOLATED)
gpio_holdover[15]                       0.50    4.73   -4.23 (VIOLATED)
gpio_holdover[16]                       0.50    4.73   -4.23 (VIOLATED)
gpio_holdover[17]                       0.50    4.73   -4.23 (VIOLATED)
gpio_holdover[18]                       0.50    4.73   -4.23 (VIOLATED)
gpio_holdover[19]                       0.50    4.73   -4.23 (VIOLATED)
gpio_holdover[1]                        0.50    4.73   -4.23 (VIOLATED)
gpio_holdover[20]                       0.50    4.73   -4.23 (VIOLATED)
gpio_holdover[21]                       0.50    4.73   -4.23 (VIOLATED)
gpio_holdover[22]                       0.50    4.73   -4.23 (VIOLATED)
gpio_holdover[23]                       0.50    4.73   -4.23 (VIOLATED)
gpio_holdover[24]                       0.50    4.73   -4.23 (VIOLATED)
gpio_holdover[25]                       0.50    4.73   -4.23 (VIOLATED)
gpio_holdover[26]                       0.50    4.73   -4.23 (VIOLATED)
gpio_holdover[27]                       0.50    4.73   -4.23 (VIOLATED)
gpio_holdover[28]                       0.50    4.73   -4.23 (VIOLATED)
gpio_holdover[29]                       0.50    4.73   -4.23 (VIOLATED)
gpio_holdover[2]                        0.50    4.73   -4.23 (VIOLATED)
gpio_holdover[30]                       0.50    4.73   -4.23 (VIOLATED)
gpio_holdover[31]                       0.50    4.73   -4.23 (VIOLATED)
gpio_holdover[32]                       0.50    4.73   -4.23 (VIOLATED)
gpio_holdover[33]                       0.50    4.73   -4.23 (VIOLATED)
gpio_holdover[34]                       0.50    4.73   -4.23 (VIOLATED)
gpio_holdover[35]                       0.50    4.73   -4.23 (VIOLATED)
gpio_holdover[36]                       0.50    4.73   -4.23 (VIOLATED)
gpio_holdover[37]                       0.50    4.73   -4.23 (VIOLATED)
gpio_holdover[38]                       0.50    4.73   -4.23 (VIOLATED)
gpio_holdover[39]                       0.50    4.73   -4.23 (VIOLATED)
gpio_holdover[3]                        0.50    4.73   -4.23 (VIOLATED)
gpio_holdover[40]                       0.50    4.73   -4.23 (VIOLATED)
gpio_holdover[41]                       0.50    4.73   -4.23 (VIOLATED)
gpio_holdover[42]                       0.50    4.73   -4.23 (VIOLATED)
gpio_holdover[43]                       0.50    4.73   -4.23 (VIOLATED)
gpio_holdover[4]                        0.50    4.73   -4.23 (VIOLATED)
gpio_holdover[5]                        0.50    4.73   -4.23 (VIOLATED)
gpio_holdover[6]                        0.50    4.73   -4.23 (VIOLATED)
gpio_holdover[7]                        0.50    4.73   -4.23 (VIOLATED)
gpio_holdover[8]                        0.50    4.73   -4.23 (VIOLATED)
gpio_holdover[9]                        0.50    4.73   -4.23 (VIOLATED)
_000_/X                                 0.50    4.73   -4.23 (VIOLATED)
_001_/X                                 0.50    4.73   -4.23 (VIOLATED)
_002_/X                                 0.50    4.73   -4.23 (VIOLATED)
_003_/X                                 0.50    4.73   -4.23 (VIOLATED)
_004_/X                                 0.50    4.73   -4.23 (VIOLATED)
_005_/X                                 0.50    4.73   -4.23 (VIOLATED)
_006_/X                                 0.50    4.73   -4.23 (VIOLATED)
_007_/X                                 0.50    4.73   -4.23 (VIOLATED)
_008_/X                                 0.50    4.73   -4.23 (VIOLATED)
_009_/X                                 0.50    4.73   -4.23 (VIOLATED)
_010_/X                                 0.50    4.73   -4.23 (VIOLATED)
_011_/X                                 0.50    4.73   -4.23 (VIOLATED)
_012_/X                                 0.50    4.73   -4.23 (VIOLATED)
_013_/X                                 0.50    4.73   -4.23 (VIOLATED)
_014_/X                                 0.50    4.73   -4.23 (VIOLATED)
_015_/X                                 0.50    4.73   -4.23 (VIOLATED)
_016_/X                                 0.50    4.73   -4.23 (VIOLATED)
_017_/X                                 0.50    4.73   -4.23 (VIOLATED)
_018_/X                                 0.50    4.73   -4.23 (VIOLATED)
_019_/X                                 0.50    4.73   -4.23 (VIOLATED)
_020_/X                                 0.50    4.73   -4.23 (VIOLATED)
_021_/X                                 0.50    4.73   -4.23 (VIOLATED)
_022_/X                                 0.50    4.73   -4.23 (VIOLATED)
_023_/X                                 0.50    4.73   -4.23 (VIOLATED)
_024_/X                                 0.50    4.73   -4.23 (VIOLATED)
_025_/X                                 0.50    4.73   -4.23 (VIOLATED)
_026_/X                                 0.50    4.73   -4.23 (VIOLATED)
_027_/X                                 0.50    4.73   -4.23 (VIOLATED)
_028_/X                                 0.50    4.73   -4.23 (VIOLATED)
_029_/X                                 0.50    4.73   -4.23 (VIOLATED)
_030_/X                                 0.50    4.73   -4.23 (VIOLATED)
_031_/X                                 0.50    4.73   -4.23 (VIOLATED)
_032_/X                                 0.50    4.73   -4.23 (VIOLATED)
_033_/X                                 0.50    4.73   -4.23 (VIOLATED)
_034_/X                                 0.50    4.73   -4.23 (VIOLATED)
_035_/X                                 0.50    4.73   -4.23 (VIOLATED)
_036_/X                                 0.50    4.73   -4.23 (VIOLATED)
_037_/X                                 0.50    4.73   -4.23 (VIOLATED)
_038_/X                                 0.50    4.73   -4.23 (VIOLATED)
_039_/X                                 0.50    4.73   -4.23 (VIOLATED)
_040_/X                                 0.50    4.73   -4.23 (VIOLATED)
_041_/X                                 0.50    4.73   -4.23 (VIOLATED)
_042_/X                                 0.50    4.73   -4.23 (VIOLATED)
_043_/X                                 0.50    4.73   -4.23 (VIOLATED)
_044_/X                                 0.50    4.73   -4.23 (VIOLATED)
_045_/X                                 0.50    4.73   -4.23 (VIOLATED)
_046_/X                                 0.50    4.73   -4.23 (VIOLATED)
_047_/X                                 0.50    4.73   -4.23 (VIOLATED)
_048_/X                                 0.50    4.73   -4.23 (VIOLATED)
_049_/X                                 0.50    4.73   -4.23 (VIOLATED)
_050_/X                                 0.50    4.73   -4.23 (VIOLATED)
_051_/X                                 0.50    4.73   -4.23 (VIOLATED)
_052_/X                                 0.50    4.73   -4.23 (VIOLATED)
_053_/X                                 0.50    4.73   -4.23 (VIOLATED)
_054_/X                                 0.50    4.73   -4.23 (VIOLATED)
_055_/X                                 0.50    4.73   -4.23 (VIOLATED)
_056_/X                                 0.50    4.73   -4.23 (VIOLATED)
_057_/X                                 0.50    4.73   -4.23 (VIOLATED)
_058_/X                                 0.50    4.73   -4.23 (VIOLATED)
_059_/X                                 0.50    4.73   -4.23 (VIOLATED)
_060_/X                                 0.50    4.73   -4.23 (VIOLATED)
_061_/X                                 0.50    4.73   -4.23 (VIOLATED)
_062_/X                                 0.50    4.73   -4.23 (VIOLATED)
_063_/X                                 0.50    4.73   -4.23 (VIOLATED)
_064_/X                                 0.50    4.73   -4.23 (VIOLATED)
_065_/X                                 0.50    4.73   -4.23 (VIOLATED)
_066_/X                                 0.50    4.73   -4.23 (VIOLATED)
_067_/X                                 0.50    4.73   -4.23 (VIOLATED)
_068_/X                                 0.50    4.73   -4.23 (VIOLATED)
_069_/X                                 0.50    4.73   -4.23 (VIOLATED)
_070_/X                                 0.50    4.73   -4.23 (VIOLATED)
_071_/X                                 0.50    4.73   -4.23 (VIOLATED)
_072_/X                                 0.50    4.73   -4.23 (VIOLATED)
_073_/X                                 0.50    4.73   -4.23 (VIOLATED)
_074_/X                                 0.50    4.73   -4.23 (VIOLATED)
_075_/X                                 0.50    4.73   -4.23 (VIOLATED)
_076_/X                                 0.50    4.73   -4.23 (VIOLATED)
_077_/X                                 0.50    4.73   -4.23 (VIOLATED)
_078_/X                                 0.50    4.73   -4.23 (VIOLATED)
_079_/X                                 0.50    4.73   -4.23 (VIOLATED)
_080_/X                                 0.50    4.73   -4.23 (VIOLATED)
_081_/X                                 0.50    4.73   -4.23 (VIOLATED)
_082_/X                                 0.50    4.73   -4.23 (VIOLATED)
_083_/X                                 0.50    4.73   -4.23 (VIOLATED)
_084_/X                                 0.50    4.73   -4.23 (VIOLATED)
_085_/X                                 0.50    4.73   -4.23 (VIOLATED)
_086_/X                                 0.50    4.73   -4.23 (VIOLATED)
_087_/X                                 0.50    4.73   -4.23 (VIOLATED)
_088_/X                                 0.50    4.73   -4.23 (VIOLATED)
_089_/X                                 0.50    4.73   -4.23 (VIOLATED)
_090_/X                                 0.50    4.73   -4.23 (VIOLATED)
_091_/X                                 0.50    4.73   -4.23 (VIOLATED)
_092_/X                                 0.50    4.73   -4.23 (VIOLATED)
_093_/X                                 0.50    4.73   -4.23 (VIOLATED)
_094_/X                                 0.50    4.73   -4.23 (VIOLATED)
_095_/X                                 0.50    4.73   -4.23 (VIOLATED)
_096_/X                                 0.50    4.73   -4.23 (VIOLATED)
_097_/X                                 0.50    4.73   -4.23 (VIOLATED)
_098_/X                                 0.50    4.73   -4.23 (VIOLATED)
_099_/X                                 0.50    4.73   -4.23 (VIOLATED)
_100_/X                                 0.50    4.73   -4.23 (VIOLATED)
_101_/X                                 0.50    4.73   -4.23 (VIOLATED)
_102_/X                                 0.50    4.73   -4.23 (VIOLATED)
_103_/X                                 0.50    4.73   -4.23 (VIOLATED)
_104_/X                                 0.50    4.73   -4.23 (VIOLATED)
_105_/X                                 0.50    4.73   -4.23 (VIOLATED)
_106_/X                                 0.50    4.73   -4.23 (VIOLATED)
_107_/X                                 0.50    4.73   -4.23 (VIOLATED)
_108_/X                                 0.50    4.73   -4.23 (VIOLATED)
_109_/X                                 0.50    4.73   -4.23 (VIOLATED)
_110_/X                                 0.50    4.73   -4.23 (VIOLATED)
_111_/X                                 0.50    4.73   -4.23 (VIOLATED)
_112_/X                                 0.50    4.73   -4.23 (VIOLATED)
_113_/X                                 0.50    4.73   -4.23 (VIOLATED)
_114_/X                                 0.50    4.73   -4.23 (VIOLATED)
_115_/X                                 0.50    4.73   -4.23 (VIOLATED)
_116_/X                                 0.50    4.73   -4.23 (VIOLATED)
_117_/X                                 0.50    4.73   -4.23 (VIOLATED)
_118_/X                                 0.50    4.73   -4.23 (VIOLATED)
_119_/X                                 0.50    4.73   -4.23 (VIOLATED)
_120_/X                                 0.50    4.73   -4.23 (VIOLATED)
_121_/X                                 0.50    4.73   -4.23 (VIOLATED)
_122_/X                                 0.50    4.73   -4.23 (VIOLATED)
_123_/X                                 0.50    4.73   -4.23 (VIOLATED)
_124_/X                                 0.50    4.73   -4.23 (VIOLATED)
_125_/X                                 0.50    4.73   -4.23 (VIOLATED)
_126_/X                                 0.50    4.73   -4.23 (VIOLATED)
_127_/X                                 0.50    4.73   -4.23 (VIOLATED)
_128_/X                                 0.50    4.73   -4.23 (VIOLATED)
_129_/X                                 0.50    4.73   -4.23 (VIOLATED)
_130_/X                                 0.50    4.73   -4.23 (VIOLATED)
_131_/X                                 0.50    4.73   -4.23 (VIOLATED)
_132_/X                                 0.50    4.73   -4.23 (VIOLATED)
_133_/X                                 0.50    4.73   -4.23 (VIOLATED)
_134_/X                                 0.50    4.73   -4.23 (VIOLATED)
_135_/X                                 0.50    4.73   -4.23 (VIOLATED)
_136_/X                                 0.50    4.73   -4.23 (VIOLATED)
_137_/X                                 0.50    4.73   -4.23 (VIOLATED)
_138_/X                                 0.50    4.73   -4.23 (VIOLATED)
_139_/X                                 0.50    4.73   -4.23 (VIOLATED)
_140_/X                                 0.50    4.73   -4.23 (VIOLATED)
_141_/X                                 0.50    4.73   -4.23 (VIOLATED)
_142_/X                                 0.50    4.73   -4.23 (VIOLATED)
_143_/X                                 0.50    4.73   -4.23 (VIOLATED)
_144_/X                                 0.50    4.73   -4.23 (VIOLATED)
_145_/X                                 0.50    4.73   -4.23 (VIOLATED)
_146_/X                                 0.50    4.73   -4.23 (VIOLATED)
_147_/X                                 0.50    4.73   -4.23 (VIOLATED)
_148_/X                                 0.50    4.73   -4.23 (VIOLATED)
_149_/X                                 0.50    4.73   -4.23 (VIOLATED)
_150_/X                                 0.50    4.73   -4.23 (VIOLATED)
_151_/X                                 0.50    4.73   -4.23 (VIOLATED)
_152_/X                                 0.50    4.73   -4.23 (VIOLATED)
_153_/X                                 0.50    4.73   -4.23 (VIOLATED)
_154_/X                                 0.50    4.73   -4.23 (VIOLATED)
_155_/X                                 0.50    4.73   -4.23 (VIOLATED)
_156_/X                                 0.50    4.73   -4.23 (VIOLATED)
_157_/X                                 0.50    4.73   -4.23 (VIOLATED)
_158_/X                                 0.50    4.73   -4.23 (VIOLATED)
_159_/X                                 0.50    4.73   -4.23 (VIOLATED)
_160_/X                                 0.50    4.73   -4.23 (VIOLATED)
_161_/X                                 0.50    4.73   -4.23 (VIOLATED)
_162_/X                                 0.50    4.73   -4.23 (VIOLATED)
_163_/X                                 0.50    4.73   -4.23 (VIOLATED)
_164_/X                                 0.50    4.73   -4.23 (VIOLATED)
_165_/X                                 0.50    4.73   -4.23 (VIOLATED)
_166_/X                                 0.50    4.73   -4.23 (VIOLATED)
_167_/X                                 0.50    4.73   -4.23 (VIOLATED)
_168_/X                                 0.50    4.73   -4.23 (VIOLATED)
_169_/X                                 0.50    4.73   -4.23 (VIOLATED)
_170_/X                                 0.50    4.73   -4.23 (VIOLATED)
_171_/X                                 0.50    4.73   -4.23 (VIOLATED)
_172_/X                                 0.50    4.73   -4.23 (VIOLATED)
_173_/X                                 0.50    4.73   -4.23 (VIOLATED)
_174_/X                                 0.50    4.73   -4.23 (VIOLATED)
_175_/X                                 0.50    4.73   -4.23 (VIOLATED)
analog_io[0]                            0.50    1.19   -0.69 (VIOLATED)
analog_io[10]                           0.50    1.19   -0.69 (VIOLATED)
analog_io[11]                           0.50    1.19   -0.69 (VIOLATED)
analog_io[12]                           0.50    1.19   -0.69 (VIOLATED)
analog_io[13]                           0.50    1.19   -0.69 (VIOLATED)
analog_io[14]                           0.50    1.19   -0.69 (VIOLATED)
analog_io[15]                           0.50    1.19   -0.69 (VIOLATED)
analog_io[16]                           0.50    1.19   -0.69 (VIOLATED)
analog_io[17]                           0.50    1.19   -0.69 (VIOLATED)
analog_io[18]                           0.50    1.19   -0.69 (VIOLATED)
analog_io[19]                           0.50    1.19   -0.69 (VIOLATED)
analog_io[1]                            0.50    1.19   -0.69 (VIOLATED)
analog_io[20]                           0.50    1.19   -0.69 (VIOLATED)
analog_io[21]                           0.50    1.19   -0.69 (VIOLATED)
analog_io[22]                           0.50    1.19   -0.69 (VIOLATED)
analog_io[23]                           0.50    1.19   -0.69 (VIOLATED)
analog_io[24]                           0.50    1.19   -0.69 (VIOLATED)
analog_io[25]                           0.50    1.19   -0.69 (VIOLATED)
analog_io[26]                           0.50    1.19   -0.69 (VIOLATED)
analog_io[27]                           0.50    1.19   -0.69 (VIOLATED)
analog_io[28]                           0.50    1.19   -0.69 (VIOLATED)
analog_io[29]                           0.50    1.19   -0.69 (VIOLATED)
analog_io[2]                            0.50    1.19   -0.69 (VIOLATED)
analog_io[30]                           0.50    1.19   -0.69 (VIOLATED)
analog_io[31]                           0.50    1.19   -0.69 (VIOLATED)
analog_io[32]                           0.50    1.19   -0.69 (VIOLATED)
analog_io[33]                           0.50    1.19   -0.69 (VIOLATED)
analog_io[34]                           0.50    1.19   -0.69 (VIOLATED)
analog_io[35]                           0.50    1.19   -0.69 (VIOLATED)
analog_io[36]                           0.50    1.19   -0.69 (VIOLATED)
analog_io[37]                           0.50    1.19   -0.69 (VIOLATED)
analog_io[38]                           0.50    1.19   -0.69 (VIOLATED)
analog_io[39]                           0.50    1.19   -0.69 (VIOLATED)
analog_io[3]                            0.50    1.19   -0.69 (VIOLATED)
analog_io[40]                           0.50    1.19   -0.69 (VIOLATED)
analog_io[41]                           0.50    1.19   -0.69 (VIOLATED)
analog_io[42]                           0.50    1.19   -0.69 (VIOLATED)
analog_io[43]                           0.50    1.19   -0.69 (VIOLATED)
analog_io[4]                            0.50    1.19   -0.69 (VIOLATED)
analog_io[5]                            0.50    1.19   -0.69 (VIOLATED)
analog_io[6]                            0.50    1.19   -0.69 (VIOLATED)
analog_io[7]                            0.50    1.19   -0.69 (VIOLATED)
analog_io[8]                            0.50    1.19   -0.69 (VIOLATED)
analog_io[9]                            0.50    1.19   -0.69 (VIOLATED)
analog_noesd_io[0]                      0.50    1.19   -0.69 (VIOLATED)
analog_noesd_io[10]                     0.50    1.19   -0.69 (VIOLATED)
analog_noesd_io[11]                     0.50    1.19   -0.69 (VIOLATED)
analog_noesd_io[12]                     0.50    1.19   -0.69 (VIOLATED)
analog_noesd_io[13]                     0.50    1.19   -0.69 (VIOLATED)
analog_noesd_io[14]                     0.50    1.19   -0.69 (VIOLATED)
analog_noesd_io[15]                     0.50    1.19   -0.69 (VIOLATED)
analog_noesd_io[16]                     0.50    1.19   -0.69 (VIOLATED)
analog_noesd_io[17]                     0.50    1.19   -0.69 (VIOLATED)
analog_noesd_io[18]                     0.50    1.19   -0.69 (VIOLATED)
analog_noesd_io[19]                     0.50    1.19   -0.69 (VIOLATED)
analog_noesd_io[1]                      0.50    1.19   -0.69 (VIOLATED)
analog_noesd_io[20]                     0.50    1.19   -0.69 (VIOLATED)
analog_noesd_io[21]                     0.50    1.19   -0.69 (VIOLATED)
analog_noesd_io[22]                     0.50    1.19   -0.69 (VIOLATED)
analog_noesd_io[23]                     0.50    1.19   -0.69 (VIOLATED)
analog_noesd_io[24]                     0.50    1.19   -0.69 (VIOLATED)
analog_noesd_io[25]                     0.50    1.19   -0.69 (VIOLATED)
analog_noesd_io[26]                     0.50    1.19   -0.69 (VIOLATED)
analog_noesd_io[27]                     0.50    1.19   -0.69 (VIOLATED)
analog_noesd_io[28]                     0.50    1.19   -0.69 (VIOLATED)
analog_noesd_io[29]                     0.50    1.19   -0.69 (VIOLATED)
analog_noesd_io[2]                      0.50    1.19   -0.69 (VIOLATED)
analog_noesd_io[30]                     0.50    1.19   -0.69 (VIOLATED)
analog_noesd_io[31]                     0.50    1.19   -0.69 (VIOLATED)
analog_noesd_io[32]                     0.50    1.19   -0.69 (VIOLATED)
analog_noesd_io[33]                     0.50    1.19   -0.69 (VIOLATED)
analog_noesd_io[34]                     0.50    1.19   -0.69 (VIOLATED)
analog_noesd_io[35]                     0.50    1.19   -0.69 (VIOLATED)
analog_noesd_io[36]                     0.50    1.19   -0.69 (VIOLATED)
analog_noesd_io[37]                     0.50    1.19   -0.69 (VIOLATED)
analog_noesd_io[38]                     0.50    1.19   -0.69 (VIOLATED)
analog_noesd_io[39]                     0.50    1.19   -0.69 (VIOLATED)
analog_noesd_io[3]                      0.50    1.19   -0.69 (VIOLATED)
analog_noesd_io[40]                     0.50    1.19   -0.69 (VIOLATED)
analog_noesd_io[41]                     0.50    1.19   -0.69 (VIOLATED)
analog_noesd_io[42]                     0.50    1.19   -0.69 (VIOLATED)
analog_noesd_io[43]                     0.50    1.19   -0.69 (VIOLATED)
analog_noesd_io[4]                      0.50    1.19   -0.69 (VIOLATED)
analog_noesd_io[5]                      0.50    1.19   -0.69 (VIOLATED)
analog_noesd_io[6]                      0.50    1.19   -0.69 (VIOLATED)
analog_noesd_io[7]                      0.50    1.19   -0.69 (VIOLATED)
analog_noesd_io[8]                      0.50    1.19   -0.69 (VIOLATED)
analog_noesd_io[9]                      0.50    1.19   -0.69 (VIOLATED)
gpio_in[0]                              0.50    1.19   -0.69 (VIOLATED)
gpio_in[10]                             0.50    1.19   -0.69 (VIOLATED)
gpio_in[11]                             0.50    1.19   -0.69 (VIOLATED)
gpio_in[12]                             0.50    1.19   -0.69 (VIOLATED)
gpio_in[13]                             0.50    1.19   -0.69 (VIOLATED)
gpio_in[14]                             0.50    1.19   -0.69 (VIOLATED)
gpio_in[15]                             0.50    1.19   -0.69 (VIOLATED)
gpio_in[16]                             0.50    1.19   -0.69 (VIOLATED)
gpio_in[17]                             0.50    1.19   -0.69 (VIOLATED)
gpio_in[18]                             0.50    1.19   -0.69 (VIOLATED)
gpio_in[19]                             0.50    1.19   -0.69 (VIOLATED)
gpio_in[1]                              0.50    1.19   -0.69 (VIOLATED)
gpio_in[20]                             0.50    1.19   -0.69 (VIOLATED)
gpio_in[21]                             0.50    1.19   -0.69 (VIOLATED)
gpio_in[22]                             0.50    1.19   -0.69 (VIOLATED)
gpio_in[23]                             0.50    1.19   -0.69 (VIOLATED)
gpio_in[24]                             0.50    1.19   -0.69 (VIOLATED)
gpio_in[25]                             0.50    1.19   -0.69 (VIOLATED)
gpio_in[26]                             0.50    1.19   -0.69 (VIOLATED)
gpio_in[27]                             0.50    1.19   -0.69 (VIOLATED)
gpio_in[28]                             0.50    1.19   -0.69 (VIOLATED)
gpio_in[29]                             0.50    1.19   -0.69 (VIOLATED)
gpio_in[2]                              0.50    1.19   -0.69 (VIOLATED)
gpio_in[30]                             0.50    1.19   -0.69 (VIOLATED)
gpio_in[31]                             0.50    1.19   -0.69 (VIOLATED)
gpio_in[32]                             0.50    1.19   -0.69 (VIOLATED)
gpio_in[33]                             0.50    1.19   -0.69 (VIOLATED)
gpio_in[34]                             0.50    1.19   -0.69 (VIOLATED)
gpio_in[35]                             0.50    1.19   -0.69 (VIOLATED)
gpio_in[36]                             0.50    1.19   -0.69 (VIOLATED)
gpio_in[37]                             0.50    1.19   -0.69 (VIOLATED)
gpio_in[39]                             0.50    1.19   -0.69 (VIOLATED)
gpio_in[3]                              0.50    1.19   -0.69 (VIOLATED)
gpio_in[40]                             0.50    1.19   -0.69 (VIOLATED)
gpio_in[41]                             0.50    1.19   -0.69 (VIOLATED)
gpio_in[42]                             0.50    1.19   -0.69 (VIOLATED)
gpio_in[43]                             0.50    1.19   -0.69 (VIOLATED)
gpio_in[5]                              0.50    1.19   -0.69 (VIOLATED)
gpio_in[6]                              0.50    1.19   -0.69 (VIOLATED)
gpio_in[7]                              0.50    1.19   -0.69 (VIOLATED)
gpio_in[8]                              0.50    1.19   -0.69 (VIOLATED)
gpio_in[9]                              0.50    1.19   -0.69 (VIOLATED)
gpio_in_h[0]                            0.50    1.19   -0.69 (VIOLATED)
gpio_in_h[10]                           0.50    1.19   -0.69 (VIOLATED)
gpio_in_h[11]                           0.50    1.19   -0.69 (VIOLATED)
gpio_in_h[12]                           0.50    1.19   -0.69 (VIOLATED)
gpio_in_h[13]                           0.50    1.19   -0.69 (VIOLATED)
gpio_in_h[14]                           0.50    1.19   -0.69 (VIOLATED)
gpio_in_h[15]                           0.50    1.19   -0.69 (VIOLATED)
gpio_in_h[16]                           0.50    1.19   -0.69 (VIOLATED)
gpio_in_h[17]                           0.50    1.19   -0.69 (VIOLATED)
gpio_in_h[18]                           0.50    1.19   -0.69 (VIOLATED)
gpio_in_h[19]                           0.50    1.19   -0.69 (VIOLATED)
gpio_in_h[1]                            0.50    1.19   -0.69 (VIOLATED)
gpio_in_h[20]                           0.50    1.19   -0.69 (VIOLATED)
gpio_in_h[21]                           0.50    1.19   -0.69 (VIOLATED)
gpio_in_h[22]                           0.50    1.19   -0.69 (VIOLATED)
gpio_in_h[23]                           0.50    1.19   -0.69 (VIOLATED)
gpio_in_h[24]                           0.50    1.19   -0.69 (VIOLATED)
gpio_in_h[25]                           0.50    1.19   -0.69 (VIOLATED)
gpio_in_h[26]                           0.50    1.19   -0.69 (VIOLATED)
gpio_in_h[27]                           0.50    1.19   -0.69 (VIOLATED)
gpio_in_h[28]                           0.50    1.19   -0.69 (VIOLATED)
gpio_in_h[29]                           0.50    1.19   -0.69 (VIOLATED)
gpio_in_h[2]                            0.50    1.19   -0.69 (VIOLATED)
gpio_in_h[30]                           0.50    1.19   -0.69 (VIOLATED)
gpio_in_h[31]                           0.50    1.19   -0.69 (VIOLATED)
gpio_in_h[32]                           0.50    1.19   -0.69 (VIOLATED)
gpio_in_h[33]                           0.50    1.19   -0.69 (VIOLATED)
gpio_in_h[34]                           0.50    1.19   -0.69 (VIOLATED)
gpio_in_h[35]                           0.50    1.19   -0.69 (VIOLATED)
gpio_in_h[36]                           0.50    1.19   -0.69 (VIOLATED)
gpio_in_h[37]                           0.50    1.19   -0.69 (VIOLATED)
gpio_in_h[38]                           0.50    1.19   -0.69 (VIOLATED)
gpio_in_h[39]                           0.50    1.19   -0.69 (VIOLATED)
gpio_in_h[3]                            0.50    1.19   -0.69 (VIOLATED)
gpio_in_h[40]                           0.50    1.19   -0.69 (VIOLATED)
gpio_in_h[41]                           0.50    1.19   -0.69 (VIOLATED)
gpio_in_h[42]                           0.50    1.19   -0.69 (VIOLATED)
gpio_in_h[43]                           0.50    1.19   -0.69 (VIOLATED)
gpio_in_h[4]                            0.50    1.19   -0.69 (VIOLATED)
gpio_in_h[5]                            0.50    1.19   -0.69 (VIOLATED)
gpio_in_h[6]                            0.50    1.19   -0.69 (VIOLATED)
gpio_in_h[7]                            0.50    1.19   -0.69 (VIOLATED)
gpio_in_h[8]                            0.50    1.19   -0.69 (VIOLATED)
gpio_in_h[9]                            0.50    1.19   -0.69 (VIOLATED)
gpio_loopback_one[0]                    0.50    1.19   -0.69 (VIOLATED)
gpio_loopback_one[10]                   0.50    1.19   -0.69 (VIOLATED)
gpio_loopback_one[11]                   0.50    1.19   -0.69 (VIOLATED)
gpio_loopback_one[12]                   0.50    1.19   -0.69 (VIOLATED)
gpio_loopback_one[13]                   0.50    1.19   -0.69 (VIOLATED)
gpio_loopback_one[14]                   0.50    1.19   -0.69 (VIOLATED)
gpio_loopback_one[15]                   0.50    1.19   -0.69 (VIOLATED)
gpio_loopback_one[16]                   0.50    1.19   -0.69 (VIOLATED)
gpio_loopback_one[17]                   0.50    1.19   -0.69 (VIOLATED)
gpio_loopback_one[18]                   0.50    1.19   -0.69 (VIOLATED)
gpio_loopback_one[19]                   0.50    1.19   -0.69 (VIOLATED)
gpio_loopback_one[1]                    0.50    1.19   -0.69 (VIOLATED)
gpio_loopback_one[20]                   0.50    1.19   -0.69 (VIOLATED)
gpio_loopback_one[21]                   0.50    1.19   -0.69 (VIOLATED)
gpio_loopback_one[22]                   0.50    1.19   -0.69 (VIOLATED)
gpio_loopback_one[23]                   0.50    1.19   -0.69 (VIOLATED)
gpio_loopback_one[24]                   0.50    1.19   -0.69 (VIOLATED)
gpio_loopback_one[25]                   0.50    1.19   -0.69 (VIOLATED)
gpio_loopback_one[26]                   0.50    1.19   -0.69 (VIOLATED)
gpio_loopback_one[27]                   0.50    1.19   -0.69 (VIOLATED)
gpio_loopback_one[28]                   0.50    1.19   -0.69 (VIOLATED)
gpio_loopback_one[29]                   0.50    1.19   -0.69 (VIOLATED)
gpio_loopback_one[2]                    0.50    1.19   -0.69 (VIOLATED)
gpio_loopback_one[30]                   0.50    1.19   -0.69 (VIOLATED)
gpio_loopback_one[31]                   0.50    1.19   -0.69 (VIOLATED)
gpio_loopback_one[32]                   0.50    1.19   -0.69 (VIOLATED)
gpio_loopback_one[33]                   0.50    1.19   -0.69 (VIOLATED)
gpio_loopback_one[34]                   0.50    1.19   -0.69 (VIOLATED)
gpio_loopback_one[35]                   0.50    1.19   -0.69 (VIOLATED)
gpio_loopback_one[36]                   0.50    1.19   -0.69 (VIOLATED)
gpio_loopback_one[37]                   0.50    1.19   -0.69 (VIOLATED)
gpio_loopback_one[38]                   0.50    1.19   -0.69 (VIOLATED)
gpio_loopback_one[39]                   0.50    1.19   -0.69 (VIOLATED)
gpio_loopback_one[3]                    0.50    1.19   -0.69 (VIOLATED)
gpio_loopback_one[40]                   0.50    1.19   -0.69 (VIOLATED)
gpio_loopback_one[41]                   0.50    1.19   -0.69 (VIOLATED)
gpio_loopback_one[42]                   0.50    1.19   -0.69 (VIOLATED)
gpio_loopback_one[43]                   0.50    1.19   -0.69 (VIOLATED)
gpio_loopback_one[4]                    0.50    1.19   -0.69 (VIOLATED)
gpio_loopback_one[5]                    0.50    1.19   -0.69 (VIOLATED)
gpio_loopback_one[6]                    0.50    1.19   -0.69 (VIOLATED)
gpio_loopback_one[7]                    0.50    1.19   -0.69 (VIOLATED)
gpio_loopback_one[8]                    0.50    1.19   -0.69 (VIOLATED)
gpio_loopback_one[9]                    0.50    1.19   -0.69 (VIOLATED)
gpio_loopback_zero[0]                   0.50    1.19   -0.69 (VIOLATED)
gpio_loopback_zero[10]                  0.50    1.19   -0.69 (VIOLATED)
gpio_loopback_zero[11]                  0.50    1.19   -0.69 (VIOLATED)
gpio_loopback_zero[12]                  0.50    1.19   -0.69 (VIOLATED)
gpio_loopback_zero[13]                  0.50    1.19   -0.69 (VIOLATED)
gpio_loopback_zero[14]                  0.50    1.19   -0.69 (VIOLATED)
gpio_loopback_zero[15]                  0.50    1.19   -0.69 (VIOLATED)
gpio_loopback_zero[16]                  0.50    1.19   -0.69 (VIOLATED)
gpio_loopback_zero[17]                  0.50    1.19   -0.69 (VIOLATED)
gpio_loopback_zero[18]                  0.50    1.19   -0.69 (VIOLATED)
gpio_loopback_zero[19]                  0.50    1.19   -0.69 (VIOLATED)
gpio_loopback_zero[1]                   0.50    1.19   -0.69 (VIOLATED)
gpio_loopback_zero[20]                  0.50    1.19   -0.69 (VIOLATED)
gpio_loopback_zero[21]                  0.50    1.19   -0.69 (VIOLATED)
gpio_loopback_zero[22]                  0.50    1.19   -0.69 (VIOLATED)
gpio_loopback_zero[23]                  0.50    1.19   -0.69 (VIOLATED)
gpio_loopback_zero[24]                  0.50    1.19   -0.69 (VIOLATED)
gpio_loopback_zero[25]                  0.50    1.19   -0.69 (VIOLATED)
gpio_loopback_zero[26]                  0.50    1.19   -0.69 (VIOLATED)
gpio_loopback_zero[27]                  0.50    1.19   -0.69 (VIOLATED)
gpio_loopback_zero[28]                  0.50    1.19   -0.69 (VIOLATED)
gpio_loopback_zero[29]                  0.50    1.19   -0.69 (VIOLATED)
gpio_loopback_zero[2]                   0.50    1.19   -0.69 (VIOLATED)
gpio_loopback_zero[30]                  0.50    1.19   -0.69 (VIOLATED)
gpio_loopback_zero[31]                  0.50    1.19   -0.69 (VIOLATED)
gpio_loopback_zero[32]                  0.50    1.19   -0.69 (VIOLATED)
gpio_loopback_zero[33]                  0.50    1.19   -0.69 (VIOLATED)
gpio_loopback_zero[34]                  0.50    1.19   -0.69 (VIOLATED)
gpio_loopback_zero[35]                  0.50    1.19   -0.69 (VIOLATED)
gpio_loopback_zero[36]                  0.50    1.19   -0.69 (VIOLATED)
gpio_loopback_zero[37]                  0.50    1.19   -0.69 (VIOLATED)
gpio_loopback_zero[38]                  0.50    1.19   -0.69 (VIOLATED)
gpio_loopback_zero[39]                  0.50    1.19   -0.69 (VIOLATED)
gpio_loopback_zero[3]                   0.50    1.19   -0.69 (VIOLATED)
gpio_loopback_zero[40]                  0.50    1.19   -0.69 (VIOLATED)
gpio_loopback_zero[41]                  0.50    1.19   -0.69 (VIOLATED)
gpio_loopback_zero[42]                  0.50    1.19   -0.69 (VIOLATED)
gpio_loopback_zero[43]                  0.50    1.19   -0.69 (VIOLATED)
gpio_loopback_zero[4]                   0.50    1.19   -0.69 (VIOLATED)
gpio_loopback_zero[5]                   0.50    1.19   -0.69 (VIOLATED)
gpio_loopback_zero[6]                   0.50    1.19   -0.69 (VIOLATED)
gpio_loopback_zero[7]                   0.50    1.19   -0.69 (VIOLATED)
gpio_loopback_zero[8]                   0.50    1.19   -0.69 (VIOLATED)
gpio_loopback_zero[9]                   0.50    1.19   -0.69 (VIOLATED)
mask_rev[0]                             0.50    1.19   -0.69 (VIOLATED)
mask_rev[10]                            0.50    1.19   -0.69 (VIOLATED)
mask_rev[11]                            0.50    1.19   -0.69 (VIOLATED)
mask_rev[12]                            0.50    1.19   -0.69 (VIOLATED)
mask_rev[13]                            0.50    1.19   -0.69 (VIOLATED)
mask_rev[14]                            0.50    1.19   -0.69 (VIOLATED)
mask_rev[15]                            0.50    1.19   -0.69 (VIOLATED)
mask_rev[16]                            0.50    1.19   -0.69 (VIOLATED)
mask_rev[17]                            0.50    1.19   -0.69 (VIOLATED)
mask_rev[18]                            0.50    1.19   -0.69 (VIOLATED)
mask_rev[19]                            0.50    1.19   -0.69 (VIOLATED)
mask_rev[1]                             0.50    1.19   -0.69 (VIOLATED)
mask_rev[20]                            0.50    1.19   -0.69 (VIOLATED)
mask_rev[21]                            0.50    1.19   -0.69 (VIOLATED)
mask_rev[22]                            0.50    1.19   -0.69 (VIOLATED)
mask_rev[23]                            0.50    1.19   -0.69 (VIOLATED)
mask_rev[24]                            0.50    1.19   -0.69 (VIOLATED)
mask_rev[25]                            0.50    1.19   -0.69 (VIOLATED)
mask_rev[26]                            0.50    1.19   -0.69 (VIOLATED)
mask_rev[27]                            0.50    1.19   -0.69 (VIOLATED)
mask_rev[28]                            0.50    1.19   -0.69 (VIOLATED)
mask_rev[29]                            0.50    1.19   -0.69 (VIOLATED)
mask_rev[2]                             0.50    1.19   -0.69 (VIOLATED)
mask_rev[30]                            0.50    1.19   -0.69 (VIOLATED)
mask_rev[31]                            0.50    1.19   -0.69 (VIOLATED)
mask_rev[3]                             0.50    1.19   -0.69 (VIOLATED)
mask_rev[4]                             0.50    1.19   -0.69 (VIOLATED)
mask_rev[5]                             0.50    1.19   -0.69 (VIOLATED)
mask_rev[6]                             0.50    1.19   -0.69 (VIOLATED)
mask_rev[7]                             0.50    1.19   -0.69 (VIOLATED)
mask_rev[8]                             0.50    1.19   -0.69 (VIOLATED)
mask_rev[9]                             0.50    1.19   -0.69 (VIOLATED)
por_l                                   0.50    1.19   -0.69 (VIOLATED)
porb_h                                  0.50    1.19   -0.69 (VIOLATED)
porb_l                                  0.50    1.19   -0.69 (VIOLATED)
resetb_h                                0.50    1.19   -0.69 (VIOLATED)
resetb_l                                0.50    1.19   -0.69 (VIOLATED)
_000_/A                                 0.50    1.19   -0.69 (VIOLATED)
_001_/A                                 0.50    1.19   -0.69 (VIOLATED)
_002_/A                                 0.50    1.19   -0.69 (VIOLATED)
_003_/A                                 0.50    1.19   -0.69 (VIOLATED)
_004_/A                                 0.50    1.19   -0.69 (VIOLATED)
_005_/A                                 0.50    1.19   -0.69 (VIOLATED)
_006_/A                                 0.50    1.19   -0.69 (VIOLATED)
_007_/A                                 0.50    1.19   -0.69 (VIOLATED)
_008_/A                                 0.50    1.19   -0.69 (VIOLATED)
_009_/A                                 0.50    1.19   -0.69 (VIOLATED)
_010_/A                                 0.50    1.19   -0.69 (VIOLATED)
_011_/A                                 0.50    1.19   -0.69 (VIOLATED)
_012_/A                                 0.50    1.19   -0.69 (VIOLATED)
_013_/A                                 0.50    1.19   -0.69 (VIOLATED)
_014_/A                                 0.50    1.19   -0.69 (VIOLATED)
_015_/A                                 0.50    1.19   -0.69 (VIOLATED)
_016_/A                                 0.50    1.19   -0.69 (VIOLATED)
_017_/A                                 0.50    1.19   -0.69 (VIOLATED)
_018_/A                                 0.50    1.19   -0.69 (VIOLATED)
_019_/A                                 0.50    1.19   -0.69 (VIOLATED)
_020_/A                                 0.50    1.19   -0.69 (VIOLATED)
_021_/A                                 0.50    1.19   -0.69 (VIOLATED)
_022_/A                                 0.50    1.19   -0.69 (VIOLATED)
_023_/A                                 0.50    1.19   -0.69 (VIOLATED)
_024_/A                                 0.50    1.19   -0.69 (VIOLATED)
_025_/A                                 0.50    1.19   -0.69 (VIOLATED)
_026_/A                                 0.50    1.19   -0.69 (VIOLATED)
_027_/A                                 0.50    1.19   -0.69 (VIOLATED)
_028_/A                                 0.50    1.19   -0.69 (VIOLATED)
_029_/A                                 0.50    1.19   -0.69 (VIOLATED)
_030_/A                                 0.50    1.19   -0.69 (VIOLATED)
_031_/A                                 0.50    1.19   -0.69 (VIOLATED)
_032_/A                                 0.50    1.19   -0.69 (VIOLATED)
_033_/A                                 0.50    1.19   -0.69 (VIOLATED)
_034_/A                                 0.50    1.19   -0.69 (VIOLATED)
_035_/A                                 0.50    1.19   -0.69 (VIOLATED)
_036_/A                                 0.50    1.19   -0.69 (VIOLATED)
_037_/A                                 0.50    1.19   -0.69 (VIOLATED)
_038_/A                                 0.50    1.19   -0.69 (VIOLATED)
_039_/A                                 0.50    1.19   -0.69 (VIOLATED)
_040_/A                                 0.50    1.19   -0.69 (VIOLATED)
_041_/A                                 0.50    1.19   -0.69 (VIOLATED)
_042_/A                                 0.50    1.19   -0.69 (VIOLATED)
_043_/A                                 0.50    1.19   -0.69 (VIOLATED)
_044_/A                                 0.50    1.19   -0.69 (VIOLATED)
_045_/A                                 0.50    1.19   -0.69 (VIOLATED)
_046_/A                                 0.50    1.19   -0.69 (VIOLATED)
_047_/A                                 0.50    1.19   -0.69 (VIOLATED)
_048_/A                                 0.50    1.19   -0.69 (VIOLATED)
_049_/A                                 0.50    1.19   -0.69 (VIOLATED)
_050_/A                                 0.50    1.19   -0.69 (VIOLATED)
_051_/A                                 0.50    1.19   -0.69 (VIOLATED)
_052_/A                                 0.50    1.19   -0.69 (VIOLATED)
_053_/A                                 0.50    1.19   -0.69 (VIOLATED)
_054_/A                                 0.50    1.19   -0.69 (VIOLATED)
_055_/A                                 0.50    1.19   -0.69 (VIOLATED)
_056_/A                                 0.50    1.19   -0.69 (VIOLATED)
_057_/A                                 0.50    1.19   -0.69 (VIOLATED)
_058_/A                                 0.50    1.19   -0.69 (VIOLATED)
_059_/A                                 0.50    1.19   -0.69 (VIOLATED)
_060_/A                                 0.50    1.19   -0.69 (VIOLATED)
_061_/A                                 0.50    1.19   -0.69 (VIOLATED)
_062_/A                                 0.50    1.19   -0.69 (VIOLATED)
_063_/A                                 0.50    1.19   -0.69 (VIOLATED)
_064_/A                                 0.50    1.19   -0.69 (VIOLATED)
_065_/A                                 0.50    1.19   -0.69 (VIOLATED)
_066_/A                                 0.50    1.19   -0.69 (VIOLATED)
_067_/A                                 0.50    1.19   -0.69 (VIOLATED)
_068_/A                                 0.50    1.19   -0.69 (VIOLATED)
_069_/A                                 0.50    1.19   -0.69 (VIOLATED)
_070_/A                                 0.50    1.19   -0.69 (VIOLATED)
_071_/A                                 0.50    1.19   -0.69 (VIOLATED)
_072_/A                                 0.50    1.19   -0.69 (VIOLATED)
_073_/A                                 0.50    1.19   -0.69 (VIOLATED)
_074_/A                                 0.50    1.19   -0.69 (VIOLATED)
_075_/A                                 0.50    1.19   -0.69 (VIOLATED)
_076_/A                                 0.50    1.19   -0.69 (VIOLATED)
_077_/A                                 0.50    1.19   -0.69 (VIOLATED)
_078_/A                                 0.50    1.19   -0.69 (VIOLATED)
_079_/A                                 0.50    1.19   -0.69 (VIOLATED)
_080_/A                                 0.50    1.19   -0.69 (VIOLATED)
_081_/A                                 0.50    1.19   -0.69 (VIOLATED)
_082_/A                                 0.50    1.19   -0.69 (VIOLATED)
_083_/A                                 0.50    1.19   -0.69 (VIOLATED)
_084_/A                                 0.50    1.19   -0.69 (VIOLATED)
_085_/A                                 0.50    1.19   -0.69 (VIOLATED)
_086_/A                                 0.50    1.19   -0.69 (VIOLATED)
_087_/A                                 0.50    1.19   -0.69 (VIOLATED)
_088_/A                                 0.50    1.19   -0.69 (VIOLATED)
_089_/A                                 0.50    1.19   -0.69 (VIOLATED)
_090_/A                                 0.50    1.19   -0.69 (VIOLATED)
_091_/A                                 0.50    1.19   -0.69 (VIOLATED)
_092_/A                                 0.50    1.19   -0.69 (VIOLATED)
_093_/A                                 0.50    1.19   -0.69 (VIOLATED)
_094_/A                                 0.50    1.19   -0.69 (VIOLATED)
_095_/A                                 0.50    1.19   -0.69 (VIOLATED)
_096_/A                                 0.50    1.19   -0.69 (VIOLATED)
_097_/A                                 0.50    1.19   -0.69 (VIOLATED)
_098_/A                                 0.50    1.19   -0.69 (VIOLATED)
_099_/A                                 0.50    1.19   -0.69 (VIOLATED)
_100_/A                                 0.50    1.19   -0.69 (VIOLATED)
_101_/A                                 0.50    1.19   -0.69 (VIOLATED)
_102_/A                                 0.50    1.19   -0.69 (VIOLATED)
_103_/A                                 0.50    1.19   -0.69 (VIOLATED)
_104_/A                                 0.50    1.19   -0.69 (VIOLATED)
_105_/A                                 0.50    1.19   -0.69 (VIOLATED)
_106_/A                                 0.50    1.19   -0.69 (VIOLATED)
_107_/A                                 0.50    1.19   -0.69 (VIOLATED)
_108_/A                                 0.50    1.19   -0.69 (VIOLATED)
_109_/A                                 0.50    1.19   -0.69 (VIOLATED)
_110_/A                                 0.50    1.19   -0.69 (VIOLATED)
_111_/A                                 0.50    1.19   -0.69 (VIOLATED)
_112_/A                                 0.50    1.19   -0.69 (VIOLATED)
_113_/A                                 0.50    1.19   -0.69 (VIOLATED)
_114_/A                                 0.50    1.19   -0.69 (VIOLATED)
_115_/A                                 0.50    1.19   -0.69 (VIOLATED)
_116_/A                                 0.50    1.19   -0.69 (VIOLATED)
_117_/A                                 0.50    1.19   -0.69 (VIOLATED)
_118_/A                                 0.50    1.19   -0.69 (VIOLATED)
_119_/A                                 0.50    1.19   -0.69 (VIOLATED)
_120_/A                                 0.50    1.19   -0.69 (VIOLATED)
_121_/A                                 0.50    1.19   -0.69 (VIOLATED)
_122_/A                                 0.50    1.19   -0.69 (VIOLATED)
_123_/A                                 0.50    1.19   -0.69 (VIOLATED)
_124_/A                                 0.50    1.19   -0.69 (VIOLATED)
_125_/A                                 0.50    1.19   -0.69 (VIOLATED)
_126_/A                                 0.50    1.19   -0.69 (VIOLATED)
_127_/A                                 0.50    1.19   -0.69 (VIOLATED)
_128_/A                                 0.50    1.19   -0.69 (VIOLATED)
_129_/A                                 0.50    1.19   -0.69 (VIOLATED)
_130_/A                                 0.50    1.19   -0.69 (VIOLATED)
_131_/A                                 0.50    1.19   -0.69 (VIOLATED)
_132_/A                                 0.50    1.19   -0.69 (VIOLATED)
_133_/A                                 0.50    1.19   -0.69 (VIOLATED)
_134_/A                                 0.50    1.19   -0.69 (VIOLATED)
_135_/A                                 0.50    1.19   -0.69 (VIOLATED)
_136_/A                                 0.50    1.19   -0.69 (VIOLATED)
_137_/A                                 0.50    1.19   -0.69 (VIOLATED)
_138_/A                                 0.50    1.19   -0.69 (VIOLATED)
_139_/A                                 0.50    1.19   -0.69 (VIOLATED)
_140_/A                                 0.50    1.19   -0.69 (VIOLATED)
_141_/A                                 0.50    1.19   -0.69 (VIOLATED)
_142_/A                                 0.50    1.19   -0.69 (VIOLATED)
_143_/A                                 0.50    1.19   -0.69 (VIOLATED)
_144_/A                                 0.50    1.19   -0.69 (VIOLATED)
_145_/A                                 0.50    1.19   -0.69 (VIOLATED)
_146_/A                                 0.50    1.19   -0.69 (VIOLATED)
_147_/A                                 0.50    1.19   -0.69 (VIOLATED)
_148_/A                                 0.50    1.19   -0.69 (VIOLATED)
_149_/A                                 0.50    1.19   -0.69 (VIOLATED)
_150_/A                                 0.50    1.19   -0.69 (VIOLATED)
_151_/A                                 0.50    1.19   -0.69 (VIOLATED)
_152_/A                                 0.50    1.19   -0.69 (VIOLATED)
_153_/A                                 0.50    1.19   -0.69 (VIOLATED)
_154_/A                                 0.50    1.19   -0.69 (VIOLATED)
_155_/A                                 0.50    1.19   -0.69 (VIOLATED)
_156_/A                                 0.50    1.19   -0.69 (VIOLATED)
_157_/A                                 0.50    1.19   -0.69 (VIOLATED)
_158_/A                                 0.50    1.19   -0.69 (VIOLATED)
_159_/A                                 0.50    1.19   -0.69 (VIOLATED)
_160_/A                                 0.50    1.19   -0.69 (VIOLATED)
_161_/A                                 0.50    1.19   -0.69 (VIOLATED)
_162_/A                                 0.50    1.19   -0.69 (VIOLATED)
_163_/A                                 0.50    1.19   -0.69 (VIOLATED)
_164_/A                                 0.50    1.19   -0.69 (VIOLATED)
_165_/A                                 0.50    1.19   -0.69 (VIOLATED)
_166_/A                                 0.50    1.19   -0.69 (VIOLATED)
_167_/A                                 0.50    1.19   -0.69 (VIOLATED)
_168_/A                                 0.50    1.19   -0.69 (VIOLATED)
_169_/A                                 0.50    1.19   -0.69 (VIOLATED)
_170_/A                                 0.50    1.19   -0.69 (VIOLATED)
_171_/A                                 0.50    1.19   -0.69 (VIOLATED)
_172_/A                                 0.50    1.19   -0.69 (VIOLATED)
_173_/A                                 0.50    1.19   -0.69 (VIOLATED)
_174_/A                                 0.50    1.19   -0.69 (VIOLATED)
_175_/A                                 0.50    1.19   -0.69 (VIOLATED)

max capacitance

Pin                                    Limit     Cap   Slack
------------------------------------------------------------
_000_/X                                 0.32    1.00   -0.68 (VIOLATED)
_001_/X                                 0.32    1.00   -0.68 (VIOLATED)
_002_/X                                 0.32    1.00   -0.68 (VIOLATED)
_003_/X                                 0.32    1.00   -0.68 (VIOLATED)
_004_/X                                 0.32    1.00   -0.68 (VIOLATED)
_005_/X                                 0.32    1.00   -0.68 (VIOLATED)
_006_/X                                 0.32    1.00   -0.68 (VIOLATED)
_007_/X                                 0.32    1.00   -0.68 (VIOLATED)
_008_/X                                 0.32    1.00   -0.68 (VIOLATED)
_009_/X                                 0.32    1.00   -0.68 (VIOLATED)
_010_/X                                 0.32    1.00   -0.68 (VIOLATED)
_011_/X                                 0.32    1.00   -0.68 (VIOLATED)
_012_/X                                 0.32    1.00   -0.68 (VIOLATED)
_013_/X                                 0.32    1.00   -0.68 (VIOLATED)
_014_/X                                 0.32    1.00   -0.68 (VIOLATED)
_015_/X                                 0.32    1.00   -0.68 (VIOLATED)
_016_/X                                 0.32    1.00   -0.68 (VIOLATED)
_017_/X                                 0.32    1.00   -0.68 (VIOLATED)
_018_/X                                 0.32    1.00   -0.68 (VIOLATED)
_019_/X                                 0.32    1.00   -0.68 (VIOLATED)
_020_/X                                 0.32    1.00   -0.68 (VIOLATED)
_021_/X                                 0.32    1.00   -0.68 (VIOLATED)
_022_/X                                 0.32    1.00   -0.68 (VIOLATED)
_023_/X                                 0.32    1.00   -0.68 (VIOLATED)
_024_/X                                 0.32    1.00   -0.68 (VIOLATED)
_025_/X                                 0.32    1.00   -0.68 (VIOLATED)
_026_/X                                 0.32    1.00   -0.68 (VIOLATED)
_027_/X                                 0.32    1.00   -0.68 (VIOLATED)
_028_/X                                 0.32    1.00   -0.68 (VIOLATED)
_029_/X                                 0.32    1.00   -0.68 (VIOLATED)
_030_/X                                 0.32    1.00   -0.68 (VIOLATED)
_031_/X                                 0.32    1.00   -0.68 (VIOLATED)
_032_/X                                 0.32    1.00   -0.68 (VIOLATED)
_033_/X                                 0.32    1.00   -0.68 (VIOLATED)
_034_/X                                 0.32    1.00   -0.68 (VIOLATED)
_035_/X                                 0.32    1.00   -0.68 (VIOLATED)
_036_/X                                 0.32    1.00   -0.68 (VIOLATED)
_037_/X                                 0.32    1.00   -0.68 (VIOLATED)
_038_/X                                 0.32    1.00   -0.68 (VIOLATED)
_039_/X                                 0.32    1.00   -0.68 (VIOLATED)
_040_/X                                 0.32    1.00   -0.68 (VIOLATED)
_041_/X                                 0.32    1.00   -0.68 (VIOLATED)
_042_/X                                 0.32    1.00   -0.68 (VIOLATED)
_043_/X                                 0.32    1.00   -0.68 (VIOLATED)
_044_/X                                 0.32    1.00   -0.68 (VIOLATED)
_045_/X                                 0.32    1.00   -0.68 (VIOLATED)
_046_/X                                 0.32    1.00   -0.68 (VIOLATED)
_047_/X                                 0.32    1.00   -0.68 (VIOLATED)
_048_/X                                 0.32    1.00   -0.68 (VIOLATED)
_049_/X                                 0.32    1.00   -0.68 (VIOLATED)
_050_/X                                 0.32    1.00   -0.68 (VIOLATED)
_051_/X                                 0.32    1.00   -0.68 (VIOLATED)
_052_/X                                 0.32    1.00   -0.68 (VIOLATED)
_053_/X                                 0.32    1.00   -0.68 (VIOLATED)
_054_/X                                 0.32    1.00   -0.68 (VIOLATED)
_055_/X                                 0.32    1.00   -0.68 (VIOLATED)
_056_/X                                 0.32    1.00   -0.68 (VIOLATED)
_057_/X                                 0.32    1.00   -0.68 (VIOLATED)
_058_/X                                 0.32    1.00   -0.68 (VIOLATED)
_059_/X                                 0.32    1.00   -0.68 (VIOLATED)
_060_/X                                 0.32    1.00   -0.68 (VIOLATED)
_061_/X                                 0.32    1.00   -0.68 (VIOLATED)
_062_/X                                 0.32    1.00   -0.68 (VIOLATED)
_063_/X                                 0.32    1.00   -0.68 (VIOLATED)
_064_/X                                 0.32    1.00   -0.68 (VIOLATED)
_065_/X                                 0.32    1.00   -0.68 (VIOLATED)
_066_/X                                 0.32    1.00   -0.68 (VIOLATED)
_067_/X                                 0.32    1.00   -0.68 (VIOLATED)
_068_/X                                 0.32    1.00   -0.68 (VIOLATED)
_069_/X                                 0.32    1.00   -0.68 (VIOLATED)
_070_/X                                 0.32    1.00   -0.68 (VIOLATED)
_071_/X                                 0.32    1.00   -0.68 (VIOLATED)
_072_/X                                 0.32    1.00   -0.68 (VIOLATED)
_073_/X                                 0.32    1.00   -0.68 (VIOLATED)
_074_/X                                 0.32    1.00   -0.68 (VIOLATED)
_075_/X                                 0.32    1.00   -0.68 (VIOLATED)
_076_/X                                 0.32    1.00   -0.68 (VIOLATED)
_077_/X                                 0.32    1.00   -0.68 (VIOLATED)
_078_/X                                 0.32    1.00   -0.68 (VIOLATED)
_079_/X                                 0.32    1.00   -0.68 (VIOLATED)
_080_/X                                 0.32    1.00   -0.68 (VIOLATED)
_081_/X                                 0.32    1.00   -0.68 (VIOLATED)
_082_/X                                 0.32    1.00   -0.68 (VIOLATED)
_083_/X                                 0.32    1.00   -0.68 (VIOLATED)
_084_/X                                 0.32    1.00   -0.68 (VIOLATED)
_085_/X                                 0.32    1.00   -0.68 (VIOLATED)
_086_/X                                 0.32    1.00   -0.68 (VIOLATED)
_087_/X                                 0.32    1.00   -0.68 (VIOLATED)
_088_/X                                 0.32    1.00   -0.68 (VIOLATED)
_089_/X                                 0.32    1.00   -0.68 (VIOLATED)
_090_/X                                 0.32    1.00   -0.68 (VIOLATED)
_091_/X                                 0.32    1.00   -0.68 (VIOLATED)
_092_/X                                 0.32    1.00   -0.68 (VIOLATED)
_093_/X                                 0.32    1.00   -0.68 (VIOLATED)
_094_/X                                 0.32    1.00   -0.68 (VIOLATED)
_095_/X                                 0.32    1.00   -0.68 (VIOLATED)
_096_/X                                 0.32    1.00   -0.68 (VIOLATED)
_097_/X                                 0.32    1.00   -0.68 (VIOLATED)
_098_/X                                 0.32    1.00   -0.68 (VIOLATED)
_099_/X                                 0.32    1.00   -0.68 (VIOLATED)
_100_/X                                 0.32    1.00   -0.68 (VIOLATED)
_101_/X                                 0.32    1.00   -0.68 (VIOLATED)
_102_/X                                 0.32    1.00   -0.68 (VIOLATED)
_103_/X                                 0.32    1.00   -0.68 (VIOLATED)
_104_/X                                 0.32    1.00   -0.68 (VIOLATED)
_105_/X                                 0.32    1.00   -0.68 (VIOLATED)
_106_/X                                 0.32    1.00   -0.68 (VIOLATED)
_107_/X                                 0.32    1.00   -0.68 (VIOLATED)
_108_/X                                 0.32    1.00   -0.68 (VIOLATED)
_109_/X                                 0.32    1.00   -0.68 (VIOLATED)
_110_/X                                 0.32    1.00   -0.68 (VIOLATED)
_111_/X                                 0.32    1.00   -0.68 (VIOLATED)
_112_/X                                 0.32    1.00   -0.68 (VIOLATED)
_113_/X                                 0.32    1.00   -0.68 (VIOLATED)
_114_/X                                 0.32    1.00   -0.68 (VIOLATED)
_115_/X                                 0.32    1.00   -0.68 (VIOLATED)
_116_/X                                 0.32    1.00   -0.68 (VIOLATED)
_117_/X                                 0.32    1.00   -0.68 (VIOLATED)
_118_/X                                 0.32    1.00   -0.68 (VIOLATED)
_119_/X                                 0.32    1.00   -0.68 (VIOLATED)
_120_/X                                 0.32    1.00   -0.68 (VIOLATED)
_121_/X                                 0.32    1.00   -0.68 (VIOLATED)
_122_/X                                 0.32    1.00   -0.68 (VIOLATED)
_123_/X                                 0.32    1.00   -0.68 (VIOLATED)
_124_/X                                 0.32    1.00   -0.68 (VIOLATED)
_125_/X                                 0.32    1.00   -0.68 (VIOLATED)
_126_/X                                 0.32    1.00   -0.68 (VIOLATED)
_127_/X                                 0.32    1.00   -0.68 (VIOLATED)
_128_/X                                 0.32    1.00   -0.68 (VIOLATED)
_129_/X                                 0.32    1.00   -0.68 (VIOLATED)
_130_/X                                 0.32    1.00   -0.68 (VIOLATED)
_131_/X                                 0.32    1.00   -0.68 (VIOLATED)
_132_/X                                 0.32    1.00   -0.68 (VIOLATED)
_133_/X                                 0.32    1.00   -0.68 (VIOLATED)
_134_/X                                 0.32    1.00   -0.68 (VIOLATED)
_135_/X                                 0.32    1.00   -0.68 (VIOLATED)
_136_/X                                 0.32    1.00   -0.68 (VIOLATED)
_137_/X                                 0.32    1.00   -0.68 (VIOLATED)
_138_/X                                 0.32    1.00   -0.68 (VIOLATED)
_139_/X                                 0.32    1.00   -0.68 (VIOLATED)
_140_/X                                 0.32    1.00   -0.68 (VIOLATED)
_141_/X                                 0.32    1.00   -0.68 (VIOLATED)
_142_/X                                 0.32    1.00   -0.68 (VIOLATED)
_143_/X                                 0.32    1.00   -0.68 (VIOLATED)
_144_/X                                 0.32    1.00   -0.68 (VIOLATED)
_145_/X                                 0.32    1.00   -0.68 (VIOLATED)
_146_/X                                 0.32    1.00   -0.68 (VIOLATED)
_147_/X                                 0.32    1.00   -0.68 (VIOLATED)
_148_/X                                 0.32    1.00   -0.68 (VIOLATED)
_149_/X                                 0.32    1.00   -0.68 (VIOLATED)
_150_/X                                 0.32    1.00   -0.68 (VIOLATED)
_151_/X                                 0.32    1.00   -0.68 (VIOLATED)
_152_/X                                 0.32    1.00   -0.68 (VIOLATED)
_153_/X                                 0.32    1.00   -0.68 (VIOLATED)
_154_/X                                 0.32    1.00   -0.68 (VIOLATED)
_155_/X                                 0.32    1.00   -0.68 (VIOLATED)
_156_/X                                 0.32    1.00   -0.68 (VIOLATED)
_157_/X                                 0.32    1.00   -0.68 (VIOLATED)
_158_/X                                 0.32    1.00   -0.68 (VIOLATED)
_159_/X                                 0.32    1.00   -0.68 (VIOLATED)
_160_/X                                 0.32    1.00   -0.68 (VIOLATED)
_161_/X                                 0.32    1.00   -0.68 (VIOLATED)
_162_/X                                 0.32    1.00   -0.68 (VIOLATED)
_163_/X                                 0.32    1.00   -0.68 (VIOLATED)
_164_/X                                 0.32    1.00   -0.68 (VIOLATED)
_165_/X                                 0.32    1.00   -0.68 (VIOLATED)
_166_/X                                 0.32    1.00   -0.68 (VIOLATED)
_167_/X                                 0.32    1.00   -0.68 (VIOLATED)
_168_/X                                 0.32    1.00   -0.68 (VIOLATED)
_169_/X                                 0.32    1.00   -0.68 (VIOLATED)
_170_/X                                 0.32    1.00   -0.68 (VIOLATED)
_171_/X                                 0.32    1.00   -0.68 (VIOLATED)
_172_/X                                 0.32    1.00   -0.68 (VIOLATED)
_173_/X                                 0.32    1.00   -0.68 (VIOLATED)
_174_/X                                 0.32    1.00   -0.68 (VIOLATED)
_175_/X                                 0.32    1.00   -0.68 (VIOLATED)


===========================================================================
max slew violation count 827
max fanout violation count 0
max cap violation count 176
============================================================================
check_slew_end
tns_report

===========================================================================
 report_tns
============================================================================
tns -326.50
tns_report_end
wns_report

===========================================================================
 report_wns
============================================================================
wns -1.86
wns_report_end
worst_slack

===========================================================================
 report_worst_slack -max (Setup)
============================================================================
worst slack -1.86

===========================================================================
 report_worst_slack -min (Hold)
============================================================================
worst slack 22.26
worst_slack_end
clock_skew

===========================================================================
 report_clock_skew
============================================================================
Clock clk
No launch/capture paths found.

Clock clk_hkspi_sck
No launch/capture paths found.

clock_skew_end
power_report

===========================================================================
 report_power
============================================================================
Group                  Internal  Switching    Leakage      Total
                          Power      Power      Power      Power (Watts)
----------------------------------------------------------------
Sequential             0.00e+00   0.00e+00   0.00e+00   0.00e+00   0.0%
Combinational          6.81e-06   1.14e-03   6.92e-10   1.15e-03 100.0%
Macro                  0.00e+00   0.00e+00   0.00e+00   0.00e+00   0.0%
Pad                    0.00e+00   0.00e+00   0.00e+00   0.00e+00   0.0%
----------------------------------------------------------------
Total                  6.81e-06   1.14e-03   6.92e-10   1.15e-03 100.0%
                           0.6%      99.4%       0.0%
power_report_end
area_report

===========================================================================
 report_design_area
============================================================================
Design area 7655 u^2 100% utilization.
area_report_end
[WARNING] Did not save OpenROAD database!
Writing SDF to /home/dinesha/workarea/efabless/MPW-10/caravel_openframe_project/openlane/openframe_project_wrapper/runs/23_10_14_22_26/results/synthesis/openframe_project_wrapper.sdf...

